// Jest Snapshot v1, https://goo.gl/fbAQLP

exports[`Pruebas en FirsApp Debe de hacer match con el snapshot 1`] = `
<div>
  <h1>
    Hola soy Daniel
  </h1>
  <p>
    No hay subtitulo
  </p>
  <p>
    Daniel Fragoso
  </p>
</div>
`;
